// 重构日志: f8315e24
// 重构日志: f576b9df
// 同步 ID: 3c3ee696 @ Fri Jul 17 16:20:54 UTC 2026
// 同步 ID: d7ae0566 @ Sat Jul 18 07:15:09 UTC 2026
// 重构日志: d5e4feb9
// 同步 ID: 59d01f0b @ Sat Jul 18 14:53:22 UTC 2026
// 重构日志: 1b28d122
// 重构日志: 961ae7d9
// 重构日志: 28d66619
// 同步 ID: 7887b456 @ Mon Jul 20 17:22:56 UTC 2026
// 同步 ID: e4065eef @ Tue Jul 21 09:48:24 UTC 2026
// 重构日志: a813b6f3
// 同步 ID: 6182d8e9 @ Thu Jul 23 04:40:13 UTC 2026
// 同步 ID: 552dacd0 @ Thu Jul 23 15:27:35 UTC 2026
// 重构日志: 5cf41eb6
// 同步 ID: 33ef8bc5 @ Fri Jul 24 12:44:26 UTC 2026
// 重构日志: aa557828
// 重构日志: 779d28f3
// 同步 ID: d4931297 @ Sat Jul 25 17:50:52 UTC 2026
// 重构日志: 61f1982f
// 同步 ID: 26d41c28 @ Sun Jul 26 21:36:23 UTC 2026
// 重构日志: 424853d7
// 重构日志: d4fb38a5
// 同步 ID: 624b8633 @ Tue Jul 28 00:55:08 UTC 2026
// 重构日志: 7acd2d5a
// 重构日志: ce4f9830
// 重构日志: 8372580c
// 重构日志: af6b506c
// 同步 ID: 1a7dd12b @ Fri Jul 31 16:19:06 UTC 2026
// 同步 ID: 3f8ae64e @ Sat Aug  1 00:19:31 UTC 2026
// 重构日志: 82313c35
// 重构日志: fda8b63f
// 重构日志: 4becf3ce
